// Jest Snapshot v1, https://goo.gl/fbAQLP

exports[`renders correctly 1`] = `
<div
  className="home"
>
  <h1>
    Welcome to our page!
  </h1>
  <p>
    Lorem ipsum dolor sit amet consectetur adipisicing elit. Expedita necessitatibus tenetur ab laudantium quisquam iusto suscipit quasi ad iste enim. Aliquid veniam atque, tenetur nulla reprehenderit consequuntur perferendis corrupti iste!
  </p>
  <p>
    Lorem ipsum dolor sit amet consectetur adipisicing elit. Expedita necessitatibus tenetur ab laudantium quisquam iusto suscipit quasi ad iste enim. Aliquid veniam atque, tenetur nulla reprehenderit consequuntur perferendis corrupti iste!
  </p>
</div>
`;
