// Jest Snapshot v1, https://goo.gl/fbAQLP

exports[`renders correctly 1`] = `
<div
  className="quote"
>
  William Thurston said: “mathematics is not about numbers, equations, computations or algorithms; it's about understanding.”
</div>
`;
